---
source: tests/pass_mir.rs
expression: mir
---
MirProgram {
    functions: [
        MirFunction {
            name: "main",
            params: [],
            evidence_params: [],
            ret_type: I64,
            body: [
                Let {
                    name: "x",
                    typ: Unit,
                    expr: Literal(
                        Int(
                            42,
                        ),
                    ),
                },
                Return(
                    Variable(
                        "x",
                    ),
                ),
            ],
        },
    ],
    externals: [],
    evidence_table: EvidenceTable {
        entries: [],
    },
}
